// Jest Snapshot v1, https://goo.gl/fbAQLP

exports[`When invoked a Login component Should render the login component with inputs 1`] = `
<View
  accessibilityIgnoresInvertColors={true}
  style={
    Object {
      "height": 800,
      "width": 500,
    }
  }
>
  <Image
    source={
      Object {
        "uri": "https://i.postimg.cc/htkHJcp0/fondo-INICIAL.jpg",
      }
    }
    style={
      Array [
        Object {
          "bottom": 0,
          "left": 0,
          "position": "absolute",
          "right": 0,
          "top": 0,
        },
        Object {
          "height": 800,
          "width": 500,
        },
        undefined,
      ]
    }
  />
  <Image
    source={
      Object {
        "uri": "https://i.postimg.cc/FF2Y5GJd/logo-small.png",
      }
    }
    style={
      Object {
        "height": 42,
        "marginBottom": 30,
        "marginLeft": 50,
        "marginTop": 80,
        "width": 300,
      }
    }
  />
  <Text
    style={
      Object {
        "alignSelf": "center",
        "color": "white",
        "fontSize": 16,
        "marginBottom": 30,
        "marginRight": 90,
        "marginTop": 50,
      }
    }
  >
    Rellena los campos para loguearte en nuestra pagina
  </Text>
  <TextInput
    allowFontScaling={true}
    autoCapitalize="none"
    defaultValue=""
    onChangeText={[Function]}
    placeholder="email"
    rejectResponderTermination={true}
    style={
      Object {
        "alignSelf": "center",
        "backgroundColor": "white",
        "borderRadius": 5,
        "marginBottom": 10,
        "marginRight": 70,
        "paddingLeft": 20,
        "width": 300,
      }
    }
    underlineColorAndroid="transparent"
  />
  <TextInput
    allowFontScaling={true}
    autoCapitalize="none"
    defaultValue=""
    onChangeText={[Function]}
    placeholder="password"
    rejectResponderTermination={true}
    secureTextEntry={true}
    style={
      Object {
        "alignSelf": "center",
        "backgroundColor": "white",
        "borderRadius": 5,
        "marginBottom": 10,
        "marginRight": 70,
        "paddingLeft": 20,
        "width": 300,
      }
    }
    underlineColorAndroid="transparent"
  />
  <View
    accessible={true}
    focusable={true}
    onClick={[Function]}
    onResponderGrant={[Function]}
    onResponderMove={[Function]}
    onResponderRelease={[Function]}
    onResponderTerminate={[Function]}
    onResponderTerminationRequest={[Function]}
    onStartShouldSetResponder={[Function]}
  >
    <Image
      source={
        Object {
          "uri": "https://i.postimg.cc/6qnQSnBG/icons8-ok-26-1.png",
        }
      }
      style={
        Object {
          "alignSelf": "center",
          "height": 35,
          "marginRight": 90,
          "marginTop": 5,
          "width": 35,
        }
      }
      testID="login"
    />
  </View>
  <Text
    style={
      Object {
        "alignSelf": "center",
        "color": "white",
        "fontSize": 16,
        "marginBottom": 30,
        "marginRight": 90,
        "marginTop": 50,
      }
    }
  >
    Todav√≠a no estas registrado?
  </Text>
  <View
    accessible={true}
    focusable={true}
    onClick={[Function]}
    onResponderGrant={[Function]}
    onResponderMove={[Function]}
    onResponderRelease={[Function]}
    onResponderTerminate={[Function]}
    onResponderTerminationRequest={[Function]}
    onStartShouldSetResponder={[Function]}
    style={
      Object {
        "alignContent": "center",
        "backgroundColor": "#FFB800",
        "borderRadius": 5,
        "display": "flex",
        "height": 35,
        "marginLeft": 185,
        "width": 40,
      }
    }
  >
    <Image
      source={
        Object {
          "uri": "https://i.postimg.cc/0jfF6Sbg/icons8-add-user-male-64.png",
        }
      }
      style={
        Object {
          "alignSelf": "center",
          "height": 30,
          "marginTop": 1,
          "width": 30,
        }
      }
      testID="signup"
    />
  </View>
</View>
`;

exports[`When invoked a Login component Should render the login component with inputs 2`] = `
<View
  accessibilityIgnoresInvertColors={true}
  style={
    Object {
      "height": 800,
      "width": 500,
    }
  }
>
  <Image
    source={
      Object {
        "uri": "https://i.postimg.cc/htkHJcp0/fondo-INICIAL.jpg",
      }
    }
    style={
      Array [
        Object {
          "bottom": 0,
          "left": 0,
          "position": "absolute",
          "right": 0,
          "top": 0,
        },
        Object {
          "height": 800,
          "width": 500,
        },
        undefined,
      ]
    }
  />
  <Image
    source={
      Object {
        "uri": "https://i.postimg.cc/FF2Y5GJd/logo-small.png",
      }
    }
    style={
      Object {
        "height": 42,
        "marginBottom": 30,
        "marginLeft": 50,
        "marginTop": 80,
        "width": 300,
      }
    }
  />
  <View
    accessible={true}
    focusable={true}
    onClick={[Function]}
    onResponderGrant={[Function]}
    onResponderMove={[Function]}
    onResponderRelease={[Function]}
    onResponderTerminate={[Function]}
    onResponderTerminationRequest={[Function]}
    onStartShouldSetResponder={[Function]}
  >
    <Text
      style={
        Object {
          "backgroundColor": "#FFB800",
          "borderRadius": 5,
          "color": "black",
          "marginLeft": 340,
          "marginTop": 20,
          "textAlign": "center",
          "width": 60,
        }
      }
      testID="logoutText"
    >
      SALIR
    </Text>
  </View>
  <View
    style={
      Object {
        "backgroundColor": "transparent",
        "borderRadius": 37.5,
        "height": 75,
        "marginLeft": 180,
        "width": 75,
      }
    }
    theme={
      Object {
        "colors": Object {
          "black": "#242424",
          "disabled": "hsl(208, 8%, 90%)",
          "divider": "#bcbbc1",
          "error": "#ff190c",
          "grey0": "#393e42",
          "grey1": "#43484d",
          "grey2": "#5e6977",
          "grey3": "#86939e",
          "grey4": "#bdc6cf",
          "grey5": "#e1e8ee",
          "greyOutline": "#bbb",
          "platform": Object {
            "android": Object {
              "error": "#f44336",
              "grey": "rgba(0, 0, 0, 0.54)",
              "primary": "#2196f3",
              "searchBg": "#dcdce1",
              "secondary": "#9C27B0",
              "success": "#4caf50",
              "warning": "#ffeb3b",
            },
            "default": Object {
              "error": "#ff3b30",
              "grey": "#7d7d7d",
              "primary": "#007aff",
              "searchBg": "#dcdce1",
              "secondary": "#5856d6",
              "success": "#4cd964",
              "warning": "#ffcc00",
            },
            "ios": Object {
              "error": "#ff3b30",
              "grey": "#7d7d7d",
              "primary": "#007aff",
              "searchBg": "#dcdce1",
              "secondary": "#5856d6",
              "success": "#4cd964",
              "warning": "#ffcc00",
            },
            "web": Object {
              "error": "#ff190c",
              "grey": "#393e42",
              "primary": "#2089dc",
              "searchBg": "#303337",
              "secondary": "#ca71eb",
              "success": "#52c41a",
              "warning": "#faad14",
            },
          },
          "primary": "#2089dc",
          "searchBg": "#303337",
          "secondary": "#ca71eb",
          "success": "#52c41a",
          "warning": "#faad14",
          "white": "#ffffff",
        },
      }
    }
  >
    <View
      accessibilityIgnoresInvertColors={true}
      style={
        Object {
          "backgroundColor": "transparent",
          "borderRadius": 37.5,
          "flex": 1,
          "overflow": "hidden",
          "position": "relative",
        }
      }
    >
      <Image
        borderRadius={37.5}
        onLoad={[Function]}
        source={
          Object {
            "uri": "img.com",
          }
        }
        style={
          Object {
            "bottom": 0,
            "flex": 1,
            "height": undefined,
            "left": 0,
            "position": "absolute",
            "right": 0,
            "top": 0,
            "width": undefined,
          }
        }
        testID="RNE__Image"
        theme={
          Object {
            "colors": Object {
              "black": "#242424",
              "disabled": "hsl(208, 8%, 90%)",
              "divider": "#bcbbc1",
              "error": "#ff190c",
              "grey0": "#393e42",
              "grey1": "#43484d",
              "grey2": "#5e6977",
              "grey3": "#86939e",
              "grey4": "#bdc6cf",
              "grey5": "#e1e8ee",
              "greyOutline": "#bbb",
              "platform": Object {
                "android": Object {
                  "error": "#f44336",
                  "grey": "rgba(0, 0, 0, 0.54)",
                  "primary": "#2196f3",
                  "searchBg": "#dcdce1",
                  "secondary": "#9C27B0",
                  "success": "#4caf50",
                  "warning": "#ffeb3b",
                },
                "default": Object {
                  "error": "#ff3b30",
                  "grey": "#7d7d7d",
                  "primary": "#007aff",
                  "searchBg": "#dcdce1",
                  "secondary": "#5856d6",
                  "success": "#4cd964",
                  "warning": "#ffcc00",
                },
                "ios": Object {
                  "error": "#ff3b30",
                  "grey": "#7d7d7d",
                  "primary": "#007aff",
                  "searchBg": "#dcdce1",
                  "secondary": "#5856d6",
                  "success": "#4cd964",
                  "warning": "#ffcc00",
                },
                "web": Object {
                  "error": "#ff190c",
                  "grey": "#393e42",
                  "primary": "#2089dc",
                  "searchBg": "#303337",
                  "secondary": "#ca71eb",
                  "success": "#52c41a",
                  "warning": "#faad14",
                },
              },
              "primary": "#2089dc",
              "searchBg": "#303337",
              "secondary": "#ca71eb",
              "success": "#52c41a",
              "warning": "#faad14",
              "white": "#ffffff",
            },
          }
        }
        transition={true}
        transitionDuration={360}
      />
      <View
        accessibilityElementsHidden={true}
        importantForAccessibility="no-hide-descendants"
        pointerEvents="none"
        style={
          Object {
            "bottom": 0,
            "left": 0,
            "opacity": 1,
            "position": "absolute",
            "right": 0,
            "top": 0,
          }
        }
      >
        <View
          style={
            Object {
              "alignItems": "center",
              "backgroundColor": "#bdbdbd",
              "flex": 1,
              "height": undefined,
              "justifyContent": "center",
              "width": undefined,
            }
          }
          testID="RNE__Image__placeholder"
        />
      </View>
      <View
        style={
          Object {
            "flex": 1,
            "height": undefined,
            "width": undefined,
          }
        }
        testID="RNE__Image__children__container"
      />
    </View>
  </View>
  <Text
    style={
      Object {
        "alignSelf": "center",
        "borderBottomColor": "#FFB800",
        "borderBottomWidth": 1,
        "color": "white",
        "fontSize": 18,
        "marginRight": 70,
        "marginTop": 30,
        "width": 300,
      }
    }
  >
    PERFIL
  </Text>
  <Text
    style={
      Object {
        "color": "white",
        "fontSize": 18,
        "marginLeft": 70,
        "marginTop": 30,
      }
    }
  >
    Alias: 
    Anna
  </Text>
  <Text
    style={
      Object {
        "color": "white",
        "fontSize": 18,
        "marginLeft": 70,
        "marginTop": 30,
      }
    }
  >
    Email: 
    annita
  </Text>
  <View
    accessible={true}
    focusable={true}
    onClick={[Function]}
    onResponderGrant={[Function]}
    onResponderMove={[Function]}
    onResponderRelease={[Function]}
    onResponderTerminate={[Function]}
    onResponderTerminationRequest={[Function]}
    onStartShouldSetResponder={[Function]}
  >
    <Text
      style={
        Object {
          "backgroundColor": "#FFB800",
          "borderRadius": 5,
          "color": "black",
          "marginLeft": 70,
          "marginTop": 40,
          "textAlign": "center",
          "width": 90,
        }
      }
      testID="deleteAccountButton"
    >
      Borrar Cuenta
    </Text>
  </View>
</View>
`;
